

HI-TECH Software PIC LITE Macro Assembler V9.71a build 6446 
                                                                                               Wed Jul 07 13:53:21 2021

HI-TECH Software Omniscient Code Generator (Lite mode) build 6446
     1  0000                     opt subtitle "HI-TECH Software Omniscient Code Generator (Lite mode) build 6446"
     2                           
     3                           opt pagewidth 120
     4                           
     5                           	opt lm
     6                           
     7                           	processor	16F877A
     8                           clrc	macro
     9                           	bcf	3,0
    10  0000                     	endm
    11                           clrz	macro
    12                           	bcf	3,2
    13  0000                     	endm
    14                           setc	macro
    15                           	bsf	3,0
    16  0000                     	endm
    17                           setz	macro
    18                           	bsf	3,2
    19  0000                     	endm
    20                           skipc	macro
    21                           	btfss	3,0
    22  0000                     	endm
    23                           skipz	macro
    24                           	btfss	3,2
    25  0000                     	endm
    26                           skipnc	macro
    27                           	btfsc	3,0
    28  0000                     	endm
    29                           skipnz	macro
    30                           	btfsc	3,2
    31  0000                     	endm
    32  0000                     indf	equ	0
    33  0000                     indf0	equ	0
    34  0002                     pc	equ	2
    35  0002                     pcl	equ	2
    36  0003                     status	equ	3
    37  0004                     fsr	equ	4
    38  0004                     fsr0	equ	4
    39  0001                     c	equ	1
    40  0000                     z	equ	0
    41  000A                     pclath	equ	10
    42                           	FNROOT	_main
    43                           	global	main@F514
    44                           psect	idataBANK0,class=CODE,space=0,delta=2
    45                           global __pidataBANK0
    46  0786                     __pidataBANK0:
    47                           	file	"C:\Users\Kowsic\OneDrive\Desktop\MP LAB\PIC16F877A\PIC1\ram\sim\seven_segment3.c"
    48                           	line	11
    49                           
    50                           ;initializer for main@F514
    51  0786  343F               	retlw	03Fh
    52  0787  3406               	retlw	06h
    53  0788  345B               	retlw	05Bh
    54  0789  344F               	retlw	04Fh
    55  078A  3466               	retlw	066h
    56  078B  346D               	retlw	06Dh
    57  078C  347C               	retlw	07Ch
    58  078D  3407               	retlw	07h
    59  078E  347F               	retlw	07Fh
    60  078F  346F               	retlw	06Fh
    61                           	global	_PORTC
    62  0007                     _PORTC	set	7
    63                           	global	_TRISC
    64  0087                     _TRISC	set	135
    65                           	file	"seven_segment3.as"
    66                           	line	#
    67                           psect cinit,class=CODE,delta=2
    68                           global start_initialization
    69  07A1                     start_initialization:
    70                           
    71                           psect	dataBANK0,class=BANK0,space=1
    72                           global __pdataBANK0
    73  002B                     __pdataBANK0:
    74                           	file	"C:\Users\Kowsic\OneDrive\Desktop\MP LAB\PIC16F877A\PIC1\ram\sim\seven_segment3.c"
    75  002B                     main@F514:
    76  002B                            ds      10
    77                           
    78                           global btemp
    79                           psect inittext,class=CODE,delta=2
    80                           global init_fetch,btemp
    81                           ;	Called with low address in FSR and high address in W
    82  0790                     init_fetch:
    83  0790  087E               	movf btemp,w
    84  0791  008A               	movwf pclath
    85  0792  087F               	movf btemp+1,w
    86  0793  0082               	movwf pc
    87                           global init_ram
    88                           ;Called with:
    89                           ;	high address of idata address in btemp 
    90                           ;	low address of idata address in btemp+1 
    91                           ;	low address of data in FSR
    92                           ;	high address + 1 of data in btemp-1
    93  0794                     init_ram:
    94  0794  2790  120A  118A   	fcall init_fetch
    95  0797  0080               	movwf indf,f
    96  0798  0A84               	incf fsr,f
    97  0799  0804               	movf fsr,w
    98  079A  067D               	xorwf btemp-1,w
    99  079B  1903               	btfsc status,2
   100  079C  3400               	retlw 0
   101  079D  0AFF               	incf btemp+1,f
   102  079E  1903               	btfsc status,2
   103  079F  0AFE               	incf btemp,f
   104  07A0  2F94               	goto init_ram
   105                           ; Initialize objects allocated to BANK0
   106                           psect cinit,class=CODE,delta=2
   107                           global init_ram, __pidataBANK0
   108  07A1  1383               	bcf	status, 7	;select IRP bank0
   109  07A2  3035               	movlw low(__pdataBANK0+10)
   110  07A3  00FD               	movwf btemp-1,f
   111  07A4  3007               	movlw high(__pidataBANK0)
   112  07A5  00FE               	movwf btemp,f
   113  07A6  3086               	movlw low(__pidataBANK0)
   114  07A7  00FF               	movwf btemp+1,f
   115  07A8  302B               	movlw low(__pdataBANK0)
   116  07A9  0084               	movwf fsr,f
   117  07AA  120A  118A  2794   	fcall init_ram
              120A  118A         
   118                           psect cinit,class=CODE,delta=2
   119                           global end_of_initialization
   120                           
   121                           ;End of C runtime variable initialization code
   122                           
   123  07AF                     end_of_initialization:
   124  07AF  0183               clrf status
   125  07B0  120A  118A  2FB3   ljmp _main	;jump to C main() function
   126                           psect	cstackCOMMON,class=COMMON,space=1
   127                           global __pcstackCOMMON
   128  0070                     __pcstackCOMMON:
   129                           	global	?_main
   130  0070                     ?_main:	; 0 bytes @ 0x0
   131                           	global	??_main
   132  0070                     ??_main:	; 0 bytes @ 0x0
   133  0070                     	ds	4
   134                           psect	cstackBANK0,class=BANK0,space=1
   135                           global __pcstackBANK0
   136  0020                     __pcstackBANK0:
   137                           	global	main@arr
   138  0020                     main@arr:	; 10 bytes @ 0x0
   139  0020                     	ds	10
   140                           	global	main@i
   141  002A                     main@i:	; 1 bytes @ 0xA
   142  002A                     	ds	1
   143 ;;Data sizes: Strings 0, constant 0, data 10, bss 0, persistent 0 stack 0
   144 ;;Auto spaces:   Size  Autos    Used
   145 ;; COMMON          14      4       4
   146 ;; BANK0           80     11      21
   147 ;; BANK1           80      0       0
   148 ;; BANK3           96      0       0
   149 ;; BANK2           96      0       0
   150                           
   151 ;;
   152 ;; Pointer list with targets:
   153                           
   154                           
   155                           
   156 ;;
   157 ;; Critical Paths under _main in COMMON
   158 ;;
   159 ;;   None.
   160 ;;
   161 ;; Critical Paths under _main in BANK0
   162 ;;
   163 ;;   None.
   164 ;;
   165 ;; Critical Paths under _main in BANK1
   166 ;;
   167 ;;   None.
   168 ;;
   169 ;; Critical Paths under _main in BANK3
   170 ;;
   171 ;;   None.
   172 ;;
   173 ;; Critical Paths under _main in BANK2
   174 ;;
   175 ;;   None.
   176                           
   177 ;;
   178 ;;Main: autosize = 0, tempsize = 4, incstack = 0, save=0
   179 ;;
   180                           
   181 ;;
   182 ;;Call Graph Tables:
   183 ;;
   184 ;; ---------------------------------------------------------------------------------
   185 ;; (Depth) Function   	        Calls       Base Space   Used Autos Params    Refs
   186 ;; ---------------------------------------------------------------------------------
   187 ;; (0) _main                                                15    15      0      93
   188 ;;                                              0 COMMON     4     4      0
   189 ;;                                              0 BANK0     11    11      0
   190 ;; ---------------------------------------------------------------------------------
   191 ;; Estimated maximum stack depth 0
   192 ;; ---------------------------------------------------------------------------------
   193                           
   194 ;; Call Graph Graphs:
   195                           
   196 ;; _main (ROOT)
   197 ;;
   198                           
   199 ;; Address spaces:
   200                           
   201 ;;Name               Size   Autos  Total    Cost      Usage
   202 ;;BANK3               60      0       0       9        0.0%
   203 ;;BITBANK3            60      0       0       8        0.0%
   204 ;;SFR3                 0      0       0       4        0.0%
   205 ;;BITSFR3              0      0       0       4        0.0%
   206 ;;BANK2               60      0       0      11        0.0%
   207 ;;BITBANK2            60      0       0      10        0.0%
   208 ;;SFR2                 0      0       0       5        0.0%
   209 ;;BITSFR2              0      0       0       5        0.0%
   210 ;;SFR1                 0      0       0       2        0.0%
   211 ;;BITSFR1              0      0       0       2        0.0%
   212 ;;BANK1               50      0       0       7        0.0%
   213 ;;BITBANK1            50      0       0       6        0.0%
   214 ;;CODE                 0      0       0       0        0.0%
   215 ;;DATA                 0      0      19      12        0.0%
   216 ;;ABS                  0      0      19       3        0.0%
   217 ;;NULL                 0      0       0       0        0.0%
   218 ;;STACK                0      0       0       2        0.0%
   219 ;;BANK0               50      B      15       5       26.3%
   220 ;;BITBANK0            50      0       0       4        0.0%
   221 ;;SFR0                 0      0       0       1        0.0%
   222 ;;BITSFR0              0      0       0       1        0.0%
   223 ;;COMMON               E      4       4       1       28.6%
   224 ;;BITCOMMON            E      0       0       0        0.0%
   225 ;;EEDATA             100      0       0       0        0.0%
   226                           
   227                           	global	_main
   228                           psect	maintext,global,class=CODE,delta=2
   229                           global __pmaintext
   230  07B3                     __pmaintext:
   231                           
   232 ;; *************** function _main *****************
   233 ;; Defined at:
   234 ;;		line 10 in file "C:\Users\Kowsic\OneDrive\Desktop\MP LAB\PIC16F877A\PIC1\ram\sim\seven_segment3.c"
   235 ;; Parameters:    Size  Location     Type
   236 ;;		None
   237 ;; Auto vars:     Size  Location     Type
   238 ;;  arr            10    0[BANK0 ] unsigned char [10]
   239 ;;  i               1   10[BANK0 ] unsigned char 
   240 ;; Return value:  Size  Location     Type
   241 ;;		None               void
   242 ;; Registers used:
   243 ;;		wreg, fsr0l, fsr0h, status,2, status,0
   244 ;; Tracked objects:
   245 ;;		On entry : 17F/0
   246 ;;		On exit  : 0/0
   247 ;;		Unchanged: 0/0
   248 ;; Data sizes:     COMMON   BANK0   BANK1   BANK3   BANK2
   249 ;;      Params:         0       0       0       0       0
   250 ;;      Locals:         0      11       0       0       0
   251 ;;      Temps:          4       0       0       0       0
   252 ;;      Totals:         4      11       0       0       0
   253 ;;Total ram usage:       15 bytes
   254 ;; This function calls:
   255 ;;		Nothing
   256 ;; This function is called by:
   257 ;;		Startup code after reset
   258 ;; This function uses a non-reentrant model
   259 ;;
   260                           psect	maintext
   261                           	file	"C:\Users\Kowsic\OneDrive\Desktop\MP LAB\PIC16F877A\PIC1\ram\sim\seven_segment3.c"
   262                           	line	10
   263                           	global	__size_of_main
   264  004D                     	__size_of_main	equ	__end_of_main-_main
   265                           	
   266  07B3                     _main:	
   267                           	opt	stack 8
   268                           ; Regs used in _main: [wreg-fsr0h+status,2+status,0]
   269                           	line	11
   270                           	
   271  07B3                     l1756:	
   272                           ;seven_segment3.c: 11: unsigned char arr[10]={0X3F,0X06,0X5B,0X4F,0X66,0X6D,0X7C,0X07,0X
                                 7F,0X6F};
   273  07B3  3020               	movlw	(main@arr)&0ffh
   274  07B4  0084               	movwf	fsr0
   275  07B5  302B               	movlw	low(main@F514)
   276  07B6  00F0               	movwf	(??_main+0)+0
   277  07B7  0804               	movf	fsr0,w
   278  07B8  00F1               	movwf	((??_main+0)+0+1)
   279  07B9  300A               	movlw	10
   280  07BA  00F2               	movwf	((??_main+0)+0+2)
   281  07BB                     u2190:
   282  07BB  0870               	movf	(??_main+0)+0,w
   283  07BC  0084               	movwf	fsr0
   284  07BD  1383               	bcf	status, 7	;select IRP bank0
   285                           	
   286  07BE  0800               	movf	indf,w
   287  07BF  00F3               	movwf	((??_main+0)+0+3)
   288  07C0  0AF0               	incf	(??_main+0)+0,f
   289  07C1  0871               	movf	((??_main+0)+0+1),w
   290  07C2  0084               	movwf	fsr0
   291                           	
   292  07C3  0873               	movf	((??_main+0)+0+3),w
   293  07C4  0080               	movwf	indf
   294  07C5  0AF1               	incf	((??_main+0)+0+1),f
   295  07C6  0BF2               	decfsz	((??_main+0)+0+2),f
   296  07C7  2FBB               	goto	u2190
   297                           	line	13
   298                           	
   299  07C8                     l1758:	
   300                           ;seven_segment3.c: 13: TRISC=0X00;
   301  07C8  1683               	bsf	status, 5	;RP0=1, select bank1
   302  07C9  1303               	bcf	status, 6	;RP1=0, select bank1
   303  07CA  0187               	clrf	(135)^080h	;volatile
   304                           	line	14
   305                           	
   306  07CB                     l1760:	
   307                           ;seven_segment3.c: 14: PORTC=0X00;
   308  07CB  1283               	bcf	status, 5	;RP0=0, select bank0
   309  07CC  1303               	bcf	status, 6	;RP1=0, select bank0
   310  07CD  0187               	clrf	(7)	;volatile
   311                           	line	16
   312                           	
   313  07CE                     l1762:	
   314                           ;seven_segment3.c: 16: unsigned char i=0;
   315  07CE  1003               	clrc
   316  07CF  3000               	movlw	0
   317  07D0  1803               	btfsc	status,0
   318  07D1  3001               	movlw	1
   319  07D2  00AA               	movwf	(main@i)
   320                           	line	18
   321                           ;seven_segment3.c: 18: while(1)
   322                           	
   323  07D3                     l568:	
   324                           	line	20
   325                           	
   326  07D3                     l1764:	
   327                           ;seven_segment3.c: 19: {
   328                           ;seven_segment3.c: 20: for( i=0;i<10;i++)
   329  07D3  1003               	clrc
   330  07D4  3000               	movlw	0
   331  07D5  1803               	btfsc	status,0
   332  07D6  3001               	movlw	1
   333  07D7  00AA               	movwf	(main@i)
   334                           	
   335  07D8                     l1766:	
   336  07D8  300A               	movlw	(0Ah)
   337  07D9  022A               	subwf	(main@i),w
   338  07DA  1C03               	skipc
   339  07DB  2FDD               	goto	u2201
   340  07DC  2FDE               	goto	u2200
   341  07DD                     u2201:
   342  07DD  2FDF               	goto	l569
   343  07DE                     u2200:
   344                           	
   345  07DE                     l1768:	
   346  07DE  2FFC               	goto	l570
   347                           	line	21
   348                           	
   349  07DF                     l569:	
   350                           	line	22
   351                           	
   352  07DF                     l1770:	
   353                           ;seven_segment3.c: 21: {
   354                           ;seven_segment3.c: 22: PORTC=arr[i];
   355  07DF  082A               	movf	(main@i),w
   356  07E0  3E20               	addlw	main@arr&0ffh
   357  07E1  0084               	movwf	fsr0
   358  07E2  0800               	movf	indf,w
   359  07E3  0087               	movwf	(7)	;volatile
   360                           	line	24
   361                           	
   362  07E4                     l1772:	
   363                           ;seven_segment3.c: 24: _delay((unsigned long)((1000)*(4000000/4000.0)));
   364                           	opt asmopt_off
   365  07E4  3006               movlw  6
   366  07E5  00F2               movwf	((??_main+0)+0+2),f
   367  07E6  300E               movlw	14
   368  07E7  00F1               movwf	((??_main+0)+0+1),f
   369  07E8  30B0               	movlw	176
   370  07E9  00F0               movwf	((??_main+0)+0),f
   371  07EA                     u2227:
   372  07EA  0BF0               	decfsz	((??_main+0)+0),f
   373  07EB  2FEA               	goto	u2227
   374  07EC  0BF1               	decfsz	((??_main+0)+0+1),f
   375  07ED  2FEA               	goto	u2227
   376  07EE  0BF2               	decfsz	((??_main+0)+0+2),f
   377  07EF  2FEA               	goto	u2227
   378                           opt asmopt_on
   379                           
   380                           	line	20
   381                           	
   382  07F0                     l1774:	
   383  07F0  3001               	movlw	(01h)
   384  07F1  00F0               	movwf	(??_main+0)+0
   385  07F2  0870               	movf	(??_main+0)+0,w
   386  07F3  1283               	bcf	status, 5	;RP0=0, select bank0
   387  07F4  1303               	bcf	status, 6	;RP1=0, select bank0
   388  07F5  07AA               	addwf	(main@i),f
   389                           	
   390  07F6                     l1776:	
   391  07F6  300A               	movlw	(0Ah)
   392  07F7  022A               	subwf	(main@i),w
   393  07F8  1C03               	skipc
   394  07F9  2FFB               	goto	u2211
   395  07FA  2FFC               	goto	u2210
   396  07FB                     u2211:
   397  07FB  2FDF               	goto	l569
   398  07FC                     u2210:
   399                           	
   400  07FC                     l570:	
   401                           	line	27
   402                           	
   403  07FC                     l571:	
   404                           	line	18
   405  07FC  2FD3               	goto	l568
   406                           	
   407  07FD                     l572:	
   408                           	line	28
   409                           	
   410  07FD                     l573:	
   411                           	global	start
   412  07FD  120A  118A  2800   	ljmp	start
   413                           	opt stack 0
   414                           GLOBAL	__end_of_main
   415  0800                     	__end_of_main:
   416 ;; =============== function _main ends ============
   417                           
   418                           	signat	_main,88
   419                           psect	maintext
   420                           	global	btemp
   421  007E                     	btemp set 07Eh
   422                           
   423                           	DABS	1,126,2	;btemp
   424                           	global	wtemp0
   425  007E                     	wtemp0 set btemp


HI-TECH Software PICC Macro Assembler V9.71a build 6446 
Symbol Table                                                                                   Wed Jul 07 13:53:21 2021

                   pc 0002                    fsr 0004                   l570 07FC                   l571 07FC  
                 l572 07FD                   l573 07FD                   l568 07D3                   l569 07DF  
                 fsr0 0004                   indf 0000                  l1760 07CB                  l1770 07DF  
                l1762 07CE                  l1772 07E4                  l1764 07D3                  l1756 07B3  
                l1774 07F0                  l1766 07D8                  l1758 07C8                  l1776 07F6  
                l1768 07DE                  u2200 07DE                  u2201 07DD                  u2210 07FC  
                u2211 07FB                  u2227 07EA                  u2190 07BB                  _main 07B3  
                btemp 007E                  start 0000                 ?_main 0070                 _PORTC 0007  
               _TRISC 0087                 main@i 002A                 pclath 000A                 status 0003  
               wtemp0 007E          __end_of_main 0800                ??_main 0070        __pcstackCOMMON 0070  
        __pidataBANK0 0786            __pmaintext 07B3               main@arr 0020  end_of_initialization 07AF  
             init_ram 0794   start_initialization 07A1           __pdataBANK0 002B         __pcstackBANK0 0020  
           init_fetch 0790         __size_of_main 004D              main@F514 002B  
