

HI-TECH Software PIC LITE Macro Assembler V9.71a build 6446 
                                                                                               Wed Jul 07 12:51:51 2021

HI-TECH Software Omniscient Code Generator (Lite mode) build 6446
     1  0000                     opt subtitle "HI-TECH Software Omniscient Code Generator (Lite mode) build 6446"
     2                           
     3                           opt pagewidth 120
     4                           
     5                           	opt lm
     6                           
     7                           	processor	16F877A
     8                           clrc	macro
     9                           	bcf	3,0
    10  0000                     	endm
    11                           clrz	macro
    12                           	bcf	3,2
    13  0000                     	endm
    14                           setc	macro
    15                           	bsf	3,0
    16  0000                     	endm
    17                           setz	macro
    18                           	bsf	3,2
    19  0000                     	endm
    20                           skipc	macro
    21                           	btfss	3,0
    22  0000                     	endm
    23                           skipz	macro
    24                           	btfss	3,2
    25  0000                     	endm
    26                           skipnc	macro
    27                           	btfsc	3,0
    28  0000                     	endm
    29                           skipnz	macro
    30                           	btfsc	3,2
    31  0000                     	endm
    32  0000                     indf	equ	0
    33  0000                     indf0	equ	0
    34  0002                     pc	equ	2
    35  0002                     pcl	equ	2
    36  0003                     status	equ	3
    37  0004                     fsr	equ	4
    38  0004                     fsr0	equ	4
    39  0001                     c	equ	1
    40  0000                     z	equ	0
    41  000A                     pclath	equ	10
    42                           	FNCALL	_main,_delay
    43                           	FNROOT	_main
    44                           	global	main@F514
    45                           psect	idataBANK0,class=CODE,space=0,delta=2
    46                           global __pidataBANK0
    47  075A                     __pidataBANK0:
    48                           	file	"C:\Users\Kowsic\OneDrive\Desktop\MP LAB\PIC16F877A\PIC1\ram\sim\seven_segment.c"
    49                           	line	11
    50                           
    51                           ;initializer for main@F514
    52  075A  343F               	retlw	03Fh
    53  075B  3406               	retlw	06h
    54  075C  345B               	retlw	05Bh
    55  075D  344F               	retlw	04Fh
    56  075E  3466               	retlw	066h
    57  075F  346D               	retlw	06Dh
    58  0760  347C               	retlw	07Ch
    59  0761  3407               	retlw	07h
    60  0762  347F               	retlw	07Fh
    61  0763  346F               	retlw	06Fh
    62                           	global	main@_i
    63                           psect	nvBANK0,class=BANK0,space=1
    64                           global __pnvBANK0
    65  0034                     __pnvBANK0:
    66  0034                     main@_i:
    67  0034                            ds      2
    68                           
    69                           	global	_PORTC
    70  0007                     _PORTC	set	7
    71                           	global	_PORTD
    72  0008                     _PORTD	set	8
    73                           	global	_TRISC
    74  0087                     _TRISC	set	135
    75                           	file	"seven_segment.as"
    76                           	line	#
    77                           psect cinit,class=CODE,delta=2
    78                           global start_initialization
    79  0775                     start_initialization:
    80                           
    81                           psect	dataBANK0,class=BANK0,space=1
    82                           global __pdataBANK0
    83  0020                     __pdataBANK0:
    84                           	file	"C:\Users\Kowsic\OneDrive\Desktop\MP LAB\PIC16F877A\PIC1\ram\sim\seven_segment.c"
    85  0020                     main@F514:
    86  0020                            ds      10
    87                           
    88                           global btemp
    89                           psect inittext,class=CODE,delta=2
    90                           global init_fetch,btemp
    91                           ;	Called with low address in FSR and high address in W
    92  0764                     init_fetch:
    93  0764  087E               	movf btemp,w
    94  0765  008A               	movwf pclath
    95  0766  087F               	movf btemp+1,w
    96  0767  0082               	movwf pc
    97                           global init_ram
    98                           ;Called with:
    99                           ;	high address of idata address in btemp 
   100                           ;	low address of idata address in btemp+1 
   101                           ;	low address of data in FSR
   102                           ;	high address + 1 of data in btemp-1
   103  0768                     init_ram:
   104  0768  2764  120A  118A   	fcall init_fetch
   105  076B  0080               	movwf indf,f
   106  076C  0A84               	incf fsr,f
   107  076D  0804               	movf fsr,w
   108  076E  067D               	xorwf btemp-1,w
   109  076F  1903               	btfsc status,2
   110  0770  3400               	retlw 0
   111  0771  0AFF               	incf btemp+1,f
   112  0772  1903               	btfsc status,2
   113  0773  0AFE               	incf btemp,f
   114  0774  2F68               	goto init_ram
   115                           ; Initialize objects allocated to BANK0
   116                           psect cinit,class=CODE,delta=2
   117                           global init_ram, __pidataBANK0
   118  0775  1383               	bcf	status, 7	;select IRP bank0
   119  0776  302A               	movlw low(__pdataBANK0+10)
   120  0777  00FD               	movwf btemp-1,f
   121  0778  3007               	movlw high(__pidataBANK0)
   122  0779  00FE               	movwf btemp,f
   123  077A  305A               	movlw low(__pidataBANK0)
   124  077B  00FF               	movwf btemp+1,f
   125  077C  3020               	movlw low(__pdataBANK0)
   126  077D  0084               	movwf fsr,f
   127  077E  120A  118A  2768   	fcall init_ram
              120A  118A         
   128                           psect cinit,class=CODE,delta=2
   129                           global end_of_initialization
   130                           
   131                           ;End of C runtime variable initialization code
   132                           
   133  0783                     end_of_initialization:
   134  0783  0183               clrf status
   135  0784  120A  118A  2FAD   ljmp _main	;jump to C main() function
   136                           psect	cstackCOMMON,class=COMMON,space=1
   137                           global __pcstackCOMMON
   138  0070                     __pcstackCOMMON:
   139                           	global	?_delay
   140  0070                     ?_delay:	; 0 bytes @ 0x0
   141                           	global	??_delay
   142  0070                     ??_delay:	; 0 bytes @ 0x0
   143                           	global	?_main
   144  0070                     ?_main:	; 0 bytes @ 0x0
   145                           	global	delay@i
   146  0070                     delay@i:	; 2 bytes @ 0x0
   147  0070                     	ds	2
   148                           	global	??_main
   149  0072                     ??_main:	; 0 bytes @ 0x2
   150  0072                     	ds	4
   151                           psect	cstackBANK0,class=BANK0,space=1
   152                           global __pcstackBANK0
   153  002A                     __pcstackBANK0:
   154                           	global	main@arr
   155  002A                     main@arr:	; 10 bytes @ 0x0
   156  002A                     	ds	10
   157 ;;Data sizes: Strings 0, constant 0, data 10, bss 0, persistent 2 stack 0
   158 ;;Auto spaces:   Size  Autos    Used
   159 ;; COMMON          14      6       6
   160 ;; BANK0           80     10      22
   161 ;; BANK1           80      0       0
   162 ;; BANK3           96      0       0
   163 ;; BANK2           96      0       0
   164                           
   165 ;;
   166 ;; Pointer list with targets:
   167                           
   168                           
   169                           
   170 ;;
   171 ;; Critical Paths under _main in COMMON
   172 ;;
   173 ;;   _main->_delay
   174 ;;
   175 ;; Critical Paths under _main in BANK0
   176 ;;
   177 ;;   None.
   178 ;;
   179 ;; Critical Paths under _main in BANK1
   180 ;;
   181 ;;   None.
   182 ;;
   183 ;; Critical Paths under _main in BANK3
   184 ;;
   185 ;;   None.
   186 ;;
   187 ;; Critical Paths under _main in BANK2
   188 ;;
   189 ;;   None.
   190                           
   191 ;;
   192 ;;Main: autosize = 0, tempsize = 4, incstack = 0, save=0
   193 ;;
   194                           
   195 ;;
   196 ;;Call Graph Tables:
   197 ;;
   198 ;; ---------------------------------------------------------------------------------
   199 ;; (Depth) Function   	        Calls       Base Space   Used Autos Params    Refs
   200 ;; ---------------------------------------------------------------------------------
   201 ;; (0) _main                                                14    14      0      70
   202 ;;                                              2 COMMON     4     4      0
   203 ;;                                              0 BANK0     10    10      0
   204 ;;                              _delay
   205 ;; ---------------------------------------------------------------------------------
   206 ;; (1) _delay                                                2     2      0      46
   207 ;;                                              0 COMMON     2     2      0
   208 ;; ---------------------------------------------------------------------------------
   209 ;; Estimated maximum stack depth 1
   210 ;; ---------------------------------------------------------------------------------
   211                           
   212 ;; Call Graph Graphs:
   213                           
   214 ;; _main (ROOT)
   215 ;;   _delay
   216 ;;
   217                           
   218 ;; Address spaces:
   219                           
   220 ;;Name               Size   Autos  Total    Cost      Usage
   221 ;;BANK3               60      0       0       9        0.0%
   222 ;;BITBANK3            60      0       0       8        0.0%
   223 ;;SFR3                 0      0       0       4        0.0%
   224 ;;BITSFR3              0      0       0       4        0.0%
   225 ;;BANK2               60      0       0      11        0.0%
   226 ;;BITBANK2            60      0       0      10        0.0%
   227 ;;SFR2                 0      0       0       5        0.0%
   228 ;;BITSFR2              0      0       0       5        0.0%
   229 ;;SFR1                 0      0       0       2        0.0%
   230 ;;BITSFR1              0      0       0       2        0.0%
   231 ;;BANK1               50      0       0       7        0.0%
   232 ;;BITBANK1            50      0       0       6        0.0%
   233 ;;CODE                 0      0       0       0        0.0%
   234 ;;DATA                 0      0      1D      12        0.0%
   235 ;;ABS                  0      0      1C       3        0.0%
   236 ;;NULL                 0      0       0       0        0.0%
   237 ;;STACK                0      0       1       2        0.0%
   238 ;;BANK0               50      A      16       5       27.5%
   239 ;;BITBANK0            50      0       0       4        0.0%
   240 ;;SFR0                 0      0       0       1        0.0%
   241 ;;BITSFR0              0      0       0       1        0.0%
   242 ;;COMMON               E      6       6       1       42.9%
   243 ;;BITCOMMON            E      0       0       0        0.0%
   244 ;;EEDATA             100      0       0       0        0.0%
   245                           
   246                           	global	_main
   247                           psect	maintext,global,class=CODE,delta=2
   248                           global __pmaintext
   249  07AD                     __pmaintext:
   250                           
   251 ;; *************** function _main *****************
   252 ;; Defined at:
   253 ;;		line 10 in file "C:\Users\Kowsic\OneDrive\Desktop\MP LAB\PIC16F877A\PIC1\ram\sim\seven_segment.c"
   254 ;; Parameters:    Size  Location     Type
   255 ;;		None
   256 ;; Auto vars:     Size  Location     Type
   257 ;;  arr            10    0[BANK0 ] unsigned char [10]
   258 ;; Return value:  Size  Location     Type
   259 ;;		None               void
   260 ;; Registers used:
   261 ;;		wreg, fsr0l, fsr0h, status,2, status,0, btemp+0, pclath, cstack
   262 ;; Tracked objects:
   263 ;;		On entry : 17F/0
   264 ;;		On exit  : 0/0
   265 ;;		Unchanged: 0/0
   266 ;; Data sizes:     COMMON   BANK0   BANK1   BANK3   BANK2
   267 ;;      Params:         0       0       0       0       0
   268 ;;      Locals:         0      10       0       0       0
   269 ;;      Temps:          4       0       0       0       0
   270 ;;      Totals:         4      10       0       0       0
   271 ;;Total ram usage:       14 bytes
   272 ;; Hardware stack levels required when called:    1
   273 ;; This function calls:
   274 ;;		_delay
   275 ;; This function is called by:
   276 ;;		Startup code after reset
   277 ;; This function uses a non-reentrant model
   278 ;;
   279                           psect	maintext
   280                           	file	"C:\Users\Kowsic\OneDrive\Desktop\MP LAB\PIC16F877A\PIC1\ram\sim\seven_segment.c"
   281                           	line	10
   282                           	global	__size_of_main
   283  0053                     	__size_of_main	equ	__end_of_main-_main
   284                           	
   285  07AD                     _main:	
   286                           	opt	stack 8
   287                           ; Regs used in _main: [wreg-fsr0h+status,2-btemp+0+pclath+cstack]
   288                           	line	11
   289                           	
   290  07AD                     l1768:	
   291                           ;seven_segment.c: 11: char arr[10]={0x3f,0x06,0x5b,0x4f,0x66,0x6d,0x7c,0x07,0x7f,0x6f};
   292  07AD  302A               	movlw	(main@arr)&0ffh
   293  07AE  0084               	movwf	fsr0
   294  07AF  3020               	movlw	low(main@F514)
   295  07B0  00F2               	movwf	(??_main+0)+0
   296  07B1  0804               	movf	fsr0,w
   297  07B2  00F3               	movwf	((??_main+0)+0+1)
   298  07B3  300A               	movlw	10
   299  07B4  00F4               	movwf	((??_main+0)+0+2)
   300  07B5                     u2210:
   301  07B5  0872               	movf	(??_main+0)+0,w
   302  07B6  0084               	movwf	fsr0
   303  07B7  1383               	bcf	status, 7	;select IRP bank0
   304                           	
   305  07B8  0800               	movf	indf,w
   306  07B9  00F5               	movwf	((??_main+0)+0+3)
   307  07BA  0AF2               	incf	(??_main+0)+0,f
   308  07BB  0873               	movf	((??_main+0)+0+1),w
   309  07BC  0084               	movwf	fsr0
   310                           	
   311  07BD  0875               	movf	((??_main+0)+0+3),w
   312  07BE  0080               	movwf	indf
   313  07BF  0AF3               	incf	((??_main+0)+0+1),f
   314  07C0  0BF4               	decfsz	((??_main+0)+0+2),f
   315  07C1  2FB5               	goto	u2210
   316                           	line	12
   317                           	
   318  07C2                     l1770:	
   319                           ;seven_segment.c: 12: TRISC=0X00;
   320  07C2  1683               	bsf	status, 5	;RP0=1, select bank1
   321  07C3  1303               	bcf	status, 6	;RP1=0, select bank1
   322  07C4  0187               	clrf	(135)^080h	;volatile
   323                           	line	13
   324                           	
   325  07C5                     l1772:	
   326                           ;seven_segment.c: 13: PORTD=0X00;
   327  07C5  1283               	bcf	status, 5	;RP0=0, select bank0
   328  07C6  1303               	bcf	status, 6	;RP1=0, select bank0
   329  07C7  0188               	clrf	(8)	;volatile
   330                           	line	15
   331                           ;seven_segment.c: 15: while(1)
   332                           	
   333  07C8                     l566:	
   334                           	line	17
   335                           	
   336  07C8                     l1774:	
   337                           ;seven_segment.c: 16: {
   338                           ;seven_segment.c: 17: for(i=0;i<10;i++)
   339  07C8  3000               	movlw	low(0)
   340  07C9  00B4               	movwf	(main@_i)
   341  07CA  3000               	movlw	high(0)
   342  07CB  00B5               	movwf	((main@_i))+1
   343                           	
   344  07CC                     l1776:	
   345  07CC  0835               	movf	(main@_i+1),w
   346  07CD  3A80               	xorlw	80h
   347  07CE  00FE               	movwf	btemp+0
   348  07CF  3080               	movlw	(high(0Ah))^80h
   349  07D0  027E               	subwf	btemp+0,w
   350  07D1  1D03               	skipz
   351  07D2  2FD5               	goto	u2225
   352  07D3  300A               	movlw	low(0Ah)
   353  07D4  0234               	subwf	(main@_i),w
   354  07D5                     u2225:
   355                           
   356  07D5  1C03               	skipc
   357  07D6  2FD8               	goto	u2221
   358  07D7  2FD9               	goto	u2220
   359  07D8                     u2221:
   360  07D8  2FDA               	goto	l569
   361  07D9                     u2220:
   362                           	
   363  07D9                     l1778:	
   364  07D9  2FFC               	goto	l570
   365                           	line	18
   366                           	
   367  07DA                     l569:	
   368                           	line	19
   369                           	
   370  07DA                     l1780:	
   371                           ;seven_segment.c: 18: {
   372                           ;seven_segment.c: 19: PORTC=arr[i];
   373  07DA  1283               	bcf	status, 5	;RP0=0, select bank0
   374  07DB  1303               	bcf	status, 6	;RP1=0, select bank0
   375  07DC  0834               	movf	(main@_i),w
   376  07DD  3E2A               	addlw	main@arr&0ffh
   377  07DE  0084               	movwf	fsr0
   378  07DF  1383               	bcf	status, 7	;select IRP bank0
   379  07E0  0800               	movf	indf,w
   380  07E1  0087               	movwf	(7)	;volatile
   381                           	line	20
   382                           	
   383  07E2                     l1782:	
   384                           ;seven_segment.c: 20: delay();
   385  07E2  120A  118A  2787   	fcall	_delay
              120A  118A         
   386                           	line	17
   387                           	
   388  07E7                     l1784:	
   389  07E7  3001               	movlw	low(01h)
   390  07E8  1283               	bcf	status, 5	;RP0=0, select bank0
   391  07E9  1303               	bcf	status, 6	;RP1=0, select bank0
   392  07EA  07B4               	addwf	(main@_i),f
   393  07EB  1803               	skipnc
   394  07EC  0AB5               	incf	(main@_i+1),f
   395  07ED  3000               	movlw	high(01h)
   396  07EE  07B5               	addwf	(main@_i+1),f
   397                           	
   398  07EF                     l1786:	
   399  07EF  0835               	movf	(main@_i+1),w
   400  07F0  3A80               	xorlw	80h
   401  07F1  00FE               	movwf	btemp+0
   402  07F2  3080               	movlw	(high(0Ah))^80h
   403  07F3  027E               	subwf	btemp+0,w
   404  07F4  1D03               	skipz
   405  07F5  2FF8               	goto	u2235
   406  07F6  300A               	movlw	low(0Ah)
   407  07F7  0234               	subwf	(main@_i),w
   408  07F8                     u2235:
   409                           
   410  07F8  1C03               	skipc
   411  07F9  2FFB               	goto	u2231
   412  07FA  2FFC               	goto	u2230
   413  07FB                     u2231:
   414  07FB  2FDA               	goto	l569
   415  07FC                     u2230:
   416                           	
   417  07FC                     l570:	
   418                           	line	22
   419                           	
   420  07FC                     l571:	
   421                           	line	15
   422  07FC  2FC8               	goto	l566
   423                           	
   424  07FD                     l572:	
   425                           	line	23
   426                           	
   427  07FD                     l573:	
   428                           	global	start
   429  07FD  120A  118A  2800   	ljmp	start
   430                           	opt stack 0
   431                           GLOBAL	__end_of_main
   432  0800                     	__end_of_main:
   433 ;; =============== function _main ends ============
   434                           
   435                           	signat	_main,88
   436                           	global	_delay
   437                           psect	text73,local,class=CODE,delta=2
   438                           global __ptext73
   439  0787                     __ptext73:
   440                           
   441 ;; *************** function _delay *****************
   442 ;; Defined at:
   443 ;;		line 5 in file "C:\Users\Kowsic\OneDrive\Desktop\MP LAB\PIC16F877A\PIC1\ram\sim\seven_segment.c"
   444 ;; Parameters:    Size  Location     Type
   445 ;;		None
   446 ;; Auto vars:     Size  Location     Type
   447 ;;  i               2    0[COMMON] int 
   448 ;; Return value:  Size  Location     Type
   449 ;;		None               void
   450 ;; Registers used:
   451 ;;		wreg, btemp+0
   452 ;; Tracked objects:
   453 ;;		On entry : 0/0
   454 ;;		On exit  : 0/0
   455 ;;		Unchanged: 0/0
   456 ;; Data sizes:     COMMON   BANK0   BANK1   BANK3   BANK2
   457 ;;      Params:         0       0       0       0       0
   458 ;;      Locals:         2       0       0       0       0
   459 ;;      Temps:          0       0       0       0       0
   460 ;;      Totals:         2       0       0       0       0
   461 ;;Total ram usage:        2 bytes
   462 ;; Hardware stack levels used:    1
   463 ;; This function calls:
   464 ;;		Nothing
   465 ;; This function is called by:
   466 ;;		_main
   467 ;; This function uses a non-reentrant model
   468 ;;
   469                           psect	text73
   470                           	file	"C:\Users\Kowsic\OneDrive\Desktop\MP LAB\PIC16F877A\PIC1\ram\sim\seven_segment.c"
   471                           	line	5
   472                           	global	__size_of_delay
   473  0026                     	__size_of_delay	equ	__end_of_delay-_delay
   474                           	
   475  0787                     _delay:	
   476                           	opt	stack 7
   477                           ; Regs used in _delay: [wreg+btemp+0]
   478                           	line	6
   479                           	
   480  0787                     l1758:	
   481                           ;seven_segment.c: 6: for(int i=0;i<25000;i++);
   482  0787  3000               	movlw	low(0)
   483  0788  00F0               	movwf	(delay@i)
   484  0789  3000               	movlw	high(0)
   485  078A  00F1               	movwf	((delay@i))+1
   486                           	
   487  078B                     l1760:	
   488  078B  0871               	movf	(delay@i+1),w
   489  078C  3A80               	xorlw	80h
   490  078D  00FE               	movwf	btemp+0
   491  078E  30E1               	movlw	(high(061A8h))^80h
   492  078F  027E               	subwf	btemp+0,w
   493  0790  1D03               	skipz
   494  0791  2F94               	goto	u2195
   495  0792  30A8               	movlw	low(061A8h)
   496  0793  0270               	subwf	(delay@i),w
   497  0794                     u2195:
   498                           
   499  0794  1C03               	skipc
   500  0795  2F97               	goto	u2191
   501  0796  2F98               	goto	u2190
   502  0797                     u2191:
   503  0797  2F99               	goto	l559
   504  0798                     u2190:
   505                           	
   506  0798                     l1762:	
   507  0798  2FAC               	goto	l560
   508                           	
   509  0799                     l559:	
   510                           	
   511  0799                     l1764:	
   512  0799  3001               	movlw	low(01h)
   513  079A  07F0               	addwf	(delay@i),f
   514  079B  1803               	skipnc
   515  079C  0AF1               	incf	(delay@i+1),f
   516  079D  3000               	movlw	high(01h)
   517  079E  07F1               	addwf	(delay@i+1),f
   518                           	
   519  079F                     l1766:	
   520  079F  0871               	movf	(delay@i+1),w
   521  07A0  3A80               	xorlw	80h
   522  07A1  00FE               	movwf	btemp+0
   523  07A2  30E1               	movlw	(high(061A8h))^80h
   524  07A3  027E               	subwf	btemp+0,w
   525  07A4  1D03               	skipz
   526  07A5  2FA8               	goto	u2205
   527  07A6  30A8               	movlw	low(061A8h)
   528  07A7  0270               	subwf	(delay@i),w
   529  07A8                     u2205:
   530                           
   531  07A8  1C03               	skipc
   532  07A9  2FAB               	goto	u2201
   533  07AA  2FAC               	goto	u2200
   534  07AB                     u2201:
   535  07AB  2F99               	goto	l559
   536  07AC                     u2200:
   537                           	
   538  07AC                     l560:	
   539                           	line	7
   540                           	
   541  07AC                     l561:	
   542  07AC  0008               	return
   543                           	opt stack 0
   544                           GLOBAL	__end_of_delay
   545  07AD                     	__end_of_delay:
   546 ;; =============== function _delay ends ============
   547                           
   548                           	signat	_delay,88
   549                           psect	text74,local,class=CODE,delta=2
   550                           global __ptext74
   551  0000                     __ptext74:
   552                           	global	btemp
   553  007E                     	btemp set 07Eh
   554                           
   555                           	DABS	1,126,2	;btemp
   556                           	global	wtemp0
   557  007E                     	wtemp0 set btemp


HI-TECH Software PICC Macro Assembler V9.71a build 6446 
Symbol Table                                                                                   Wed Jul 07 12:51:51 2021

                   pc 0002                    fsr 0004                   l560 07AC                   l561 07AC  
                 l570 07FC                   l571 07FC                   l572 07FD                   l573 07FD  
                 l566 07C8                   l559 0799                   l569 07DA                   fsr0 0004  
                 indf 0000                  l1760 078B                  l1762 0798                  l1770 07C2  
                l1764 0799                  l1780 07DA                  l1772 07C5                  l1766 079F  
                l1758 0787                  l1782 07E2                  l1774 07C8                  l1784 07E7  
                l1776 07CC                  l1768 07AD                  l1786 07EF                  l1778 07D9  
                u2200 07AC                  u2201 07AB                  u2210 07B5                  u2220 07D9  
                u2205 07A8                  u2221 07D8                  u2230 07FC                  u2231 07FB  
                u2225 07D5                  u2235 07F8                  u2190 0798                  u2191 0797  
                u2195 0794                  _main 07AD                  btemp 007E                  start 0000  
               ?_main 0070                 _PORTC 0007                 _PORTD 0008                 _TRISC 0087  
               _delay 0787                 pclath 000A                 status 0003                 wtemp0 007E  
        __end_of_main 0800                ??_main 0072                ?_delay 0070                delay@i 0070  
              main@_i 0034        __pcstackCOMMON 0070          __pidataBANK0 075A         __end_of_delay 07AD  
             ??_delay 0070            __pmaintext 07AD               main@arr 002A  end_of_initialization 0783  
             init_ram 0768   start_initialization 0775           __pdataBANK0 0020         __pcstackBANK0 002A  
           __pnvBANK0 0034        __size_of_delay 0026             init_fetch 0764              __ptext73 0787  
            __ptext74 0000         __size_of_main 0053              main@F514 0020  
